// Jest Snapshot v1, https://goo.gl/fbAQLP

exports[`<MessageListItem/> when active match snapshot 1`] = `
<Styled(MuiBox)
  className="MessageListItem MessageListItem--active"
  onClick={[MockFunction]}
  p={1}
>
  <div>
    <strong>
      testsubject
    </strong>
     
    <FiberNewIcon />
  </div>
  <div>
    01/01/2020
  </div>
</Styled(MuiBox)>
`;
